[docs.evostream.com/index.html]
[backblue.gif]
[fade.gif]
[index.html]
[docs.evostream.com/css/main.css]
[docs.evostream.com/feed.xml]
[docs.evostream.com/doc_index/index.html]
[docs.evostream.com/ems_quick_start_guide/table_of_contents.html]
[docs.evostream.com/search/index.html]
[docs.evostream.com/ems_user_guide/table_of_contents.html]
[docs.evostream.com/ems_how_to_guide/table_of_contents.html]
[docs.evostream.com/ems_api_definition/table_of_contents.html]
[docs.evostream.com/ems_web_services_user_guide/table_of_contents.html]
[docs.evostream.com/ems_web_ui_user_guide/table_of_contents.html]
[docs.evostream.com/ers_user_guide/table_of_contents.html]
[docs.evostream.com/index.html]
[docs.evostream.com/css/main.css]
[docs.evostream.com/doc_index/index.html]
[docs.evostream.com/search/index.html]
[docs.evostream.com/ems_quick_start_guide/css/main.css]
[docs.evostream.com/ems_quick_start_guide/feed.xml]
[docs.evostream.com/ems_quick_start_guide/doc_index/index.html]
[docs.evostream.com/ems_quick_start_guide/quick_start_guide_for_linux.html]
[docs.evostream.com/ems_quick_start_guide/quick_start_guide_for_windows.html]
[docs.evostream.com/ems_quick_start_guide/quick_start_guide_for_amazon_linux.html]
[docs.evostream.com/ems_quick_start_guide/quick_start_guide_for_amazon_windows.html]
[docs.evostream.com/ems_quick_start_guide/quick_start_guide_for_azure.html]
[docs.evostream.com/ems_quick_start_guide/table_of_contents.html]
[docs.evostream.com/ems_user_guide/css/main.css]
[docs.evostream.com/ems_user_guide/doc_index/index.html]
[docs.evostream.com/ems_user_guide/feed.xml]
[docs.evostream.com/ems_user_guide/introduction]
[docs.evostream.com/ems_user_guide/search/index.html]
[docs.evostream.com/ems_user_guide/installation.html]
[docs.evostream.com/ems_user_guide/startingserver.html]
[docs.evostream.com/ems_user_guide/emsbasics.html]
[docs.evostream.com/ems_user_guide/runtimeapi.html]
[docs.evostream.com/ems_user_guide/eventnotification.html]
[docs.evostream.com/ems_user_guide/security.html]
[docs.evostream.com/ems_user_guide/protocolsupport.html]
[docs.evostream.com/ems_user_guide/capabilities.html]
[docs.evostream.com/ems_user_guide/webserver.html]
[docs.evostream.com/ems_user_guide/emswebservices.html]
[docs.evostream.com/ems_user_guide/emsuserinterface.html]
[docs.evostream.com/ems_user_guide/emsconfigfile.html]
[docs.evostream.com/ems_user_guide/webconfigfile.html]
[docs.evostream.com/ems_user_guide/interoperability.html]
[docs.evostream.com/ems_user_guide/table_of_contents.html]
[docs.evostream.com/ems_how_to_guide/css/main.css]
[docs.evostream.com/ems_how_to_guide/doc_index/index.html]
[docs.evostream.com/ems_how_to_guide/intro.html]
[docs.evostream.com/ems_how_to_guide/search/index.html]
[docs.evostream.com/ems_how_to_guide/playlive.html]
[docs.evostream.com/ems_how_to_guide/addlive.html]
[docs.evostream.com/ems_how_to_guide/usingapi.html]
[docs.evostream.com/ems_how_to_guide/abr.html]
[docs.evostream.com/ems_how_to_guide/feed.xml]
[docs.evostream.com/ems_how_to_guide/hls.html]
[docs.evostream.com/ems_how_to_guide/hds.html]
[docs.evostream.com/ems_how_to_guide/mss.html]
[docs.evostream.com/ems_how_to_guide/dash.html]
[docs.evostream.com/ems_how_to_guide/websockets.html]
[docs.evostream.com/ems_how_to_guide/webrtc.html]
[docs.evostream.com/ems_how_to_guide/vod.html]
[docs.evostream.com/ems_how_to_guide/recording.html]
[docs.evostream.com/ems_how_to_guide/transcoding.html]
[docs.evostream.com/ems_how_to_guide/stopping.html]
[docs.evostream.com/ems_how_to_guide/table_of_contents.html]
[docs.evostream.com/ems_api_definition/css/main.css]
[docs.evostream.com/ems_api_definition/feed.xml]
[docs.evostream.com/ems_api_definition/doc_index/index.html]
[docs.evostream.com/ems_api_definition/document_definitions.html]
[docs.evostream.com/ems_api_definition/search/index.html]
[docs.evostream.com/ems_api_definition/overview.html]
[docs.evostream.com/ems_api_definition/run_time_api.html]
[docs.evostream.com/ems_api_definition/accessing_runtime_api.html]
[docs.evostream.com/ems_api_definition/configuring_and_receiving_event_notifications.html]
[docs.evostream.com/ems_api_definition/user_defined_variables.html]
[docs.evostream.com/ems_api_definition/streams_vs_stream_configs_and_api_command_return_values.html]
[docs.evostream.com/ems_api_definition/pullstream.html]
[docs.evostream.com/ems_api_definition/pushstream.html]
[docs.evostream.com/ems_api_definition/createhlsstream.html]
[docs.evostream.com/ems_api_definition/createhdsstream.html]
[docs.evostream.com/ems_api_definition/createmssstream.html]
[docs.evostream.com/ems_api_definition/createdashstream.html]
[docs.evostream.com/ems_api_definition/record.html]
[docs.evostream.com/ems_api_definition/transcode.html]
[docs.evostream.com/ems_api_definition/liststreamsids.html]
[docs.evostream.com/ems_api_definition/getstreaminfo.html]
[docs.evostream.com/ems_api_definition/liststreams.html]
[docs.evostream.com/ems_api_definition/getstreamscount.html]
[docs.evostream.com/ems_api_definition/shutdownstream.html]
[docs.evostream.com/ems_api_definition/listconfig.html]
[docs.evostream.com/ems_api_definition/removeconfig.html]
[docs.evostream.com/ems_api_definition/getconfiginfo.html]
[docs.evostream.com/ems_api_definition/isstreamrunning.html]
[docs.evostream.com/ems_api_definition/addstreamalias.html]
[docs.evostream.com/ems_api_definition/liststreamaliases.html]
[docs.evostream.com/ems_api_definition/removestreamalias.html]
[docs.evostream.com/ems_api_definition/flushstreamaliases.html]
[docs.evostream.com/ems_api_definition/addgroupnamealias.html]
[docs.evostream.com/ems_api_definition/flushgroupnamealiases.html]
[docs.evostream.com/ems_api_definition/getgroupnamebyalias.html]
[docs.evostream.com/ems_api_definition/listgroupnamealiases.html]
[docs.evostream.com/ems_api_definition/removegroupnamealiases.html]
[docs.evostream.com/ems_api_definition/listhttpstreamingsessions.html]
[docs.evostream.com/ems_api_definition/createingestpoint.html]
[docs.evostream.com/ems_api_definition/removeingestpoint.html]
[docs.evostream.com/ems_api_definition/listingestpoints.html]
[docs.evostream.com/ems_api_definition/startwebrtc.html]
[docs.evostream.com/ems_api_definition/stopwebrtc.html]
[docs.evostream.com/ems_api_definition/launchprocess.html]
[docs.evostream.com/ems_api_definition/settimer.html]
[docs.evostream.com/ems_api_definition/listtimers.html]
[docs.evostream.com/ems_api_definition/removetimer.html]
[docs.evostream.com/ems_api_definition/generatelazypullfile.html]
[docs.evostream.com/ems_api_definition/generateserverplaylist.html]
[docs.evostream.com/ems_api_definition/insertplaylistitem.html]
[docs.evostream.com/ems_api_definition/uploadmedia.html]
[docs.evostream.com/ems_api_definition/getmetadata.html]
[docs.evostream.com/ems_api_definition/pushmetadata.html]
[docs.evostream.com/ems_api_definition/shutdownmetadata.html]
[docs.evostream.com/ems_api_definition/liststorage.html]
[docs.evostream.com/ems_api_definition/addstorage.html]
[docs.evostream.com/ems_api_definition/removestorage.html]
[docs.evostream.com/ems_api_definition/setauthentication.html]
[docs.evostream.com/ems_api_definition/setloglevel.html]
[docs.evostream.com/ems_api_definition/version.html]
[docs.evostream.com/ems_api_definition/quit.html]
[docs.evostream.com/ems_api_definition/help.html]
[docs.evostream.com/ems_api_definition/shutdownserver.html]
[docs.evostream.com/ems_api_definition/listinboundstreamnames.html]
[docs.evostream.com/ems_api_definition/listinboundstreams.html]
[docs.evostream.com/ems_api_definition/getconnectioninfo.html]
[docs.evostream.com/ems_api_definition/listconnections.html]
[docs.evostream.com/ems_api_definition/clientsconnected.html]
[docs.evostream.com/ems_api_definition/httpclientsconnected.html]
[docs.evostream.com/ems_api_definition/getextendedconnectioncounters.html]
[docs.evostream.com/ems_api_definition/resetmaxfdcounters.html]
[docs.evostream.com/ems_api_definition/resettotalfdcounters.html]
[docs.evostream.com/ems_api_definition/getconnectionscount.html]
[docs.evostream.com/ems_api_definition/getconnectionscountlimit.html]
[docs.evostream.com/ems_api_definition/setconnectionscountlimit.html]
[docs.evostream.com/ems_api_definition/getbandwidth.html]
[docs.evostream.com/ems_api_definition/setbandwidthlimit.html]
[docs.evostream.com/ems_api_definition/listservices.html]
[docs.evostream.com/ems_api_definition/createservice.html]
[docs.evostream.com/ems_api_definition/enableservice.html]
[docs.evostream.com/ems_api_definition/shutdownservice.html]
[docs.evostream.com/ems_api_definition/stream_created.html]
[docs.evostream.com/ems_api_definition/stream_closed.html]
[docs.evostream.com/ems_api_definition/codecs_updated.html]
[docs.evostream.com/ems_api_definition/audiofeedstopped.html]
[docs.evostream.com/ems_api_definition/videofeedstopped.html]
[docs.evostream.com/ems_api_definition/playlistitemstart_firstplaylistitemstart_lastplaylistitemstart.html]
[docs.evostream.com/ems_api_definition/adaptive_streaming.html]
[docs.evostream.com/ems_api_definition/web_server_events.html]
[docs.evostream.com/ems_api_definition/api_based_events.html]
[docs.evostream.com/ems_api_definition/connection_based_events.html]
[docs.evostream.com/ems_api_definition/application_based_events.html]
[docs.evostream.com/ems_api_definition/event_table_of_protocol_types.html]
[docs.evostream.com/ems_api_definition/table_of_contents.html]
[docs.evostream.com/ems_web_services_user_guide/css/main.css]
[docs.evostream.com/ems_web_services_user_guide/feed.xml]
[docs.evostream.com/ems_web_services_user_guide/doc_index/index.html]
[docs.evostream.com/ems_web_services_user_guide/document_definitions.html]
[docs.evostream.com/ems_web_services_user_guide/overview.html]
[docs.evostream.com/ems_web_services_user_guide/search/index.html]
[docs.evostream.com/ems_web_services_user_guide/ems_web_services.html]
[docs.evostream.com/ems_web_services_user_guide/event_notification_system.html]
[docs.evostream.com/ems_web_services_user_guide/installation.html]
[docs.evostream.com/ems_web_services_user_guide/configuration.html]
[docs.evostream.com/ems_web_services_user_guide/ems_web_services_plugins.html]
[docs.evostream.com/ems_web_services_user_guide/table_of_contents.html]
[docs.evostream.com/ems_web_ui_user_guide/css/main.css]
[docs.evostream.com/ems_web_ui_user_guide/feed.xml]
[docs.evostream.com/ems_web_ui_user_guide/doc_index/index.html]
[docs.evostream.com/ems_web_ui_user_guide/search/index.html]
[docs.evostream.com/ems_web_ui_user_guide/document_definitions.html]
[docs.evostream.com/ems_web_ui_user_guide/overview.html]
[docs.evostream.com/ems_web_ui_user_guide/installation_and_startup.html]
[docs.evostream.com/ems_web_ui_user_guide/installing_license.html]
[docs.evostream.com/ems_web_ui_user_guide/connecting_to_server.html]
[docs.evostream.com/ems_web_ui_user_guide/server_commands.html]
[docs.evostream.com/ems_web_ui_user_guide/add_inbound_stream.html]
[docs.evostream.com/ems_web_ui_user_guide/create_hls_stream.html]
[docs.evostream.com/ems_web_ui_user_guide/create_hds_stream.html]
[docs.evostream.com/ems_web_ui_user_guide/create_mss_stream.html]
[docs.evostream.com/ems_web_ui_user_guide/create_dash_stream.html]
[docs.evostream.com/ems_web_ui_user_guide/update_stream_list.html]
[docs.evostream.com/ems_web_ui_user_guide/send_mpegts.html]
[docs.evostream.com/ems_web_ui_user_guide/remove_existing_stream.html]
[docs.evostream.com/ems_web_ui_user_guide/stream_details.html]
[docs.evostream.com/ems_web_ui_user_guide/authentication.html]
[docs.evostream.com/ems_web_ui_user_guide/table_of_contents.html]
[docs.evostream.com/ers_user_guide/css/main.css]
[docs.evostream.com/ers_user_guide/feed.xml]
[docs.evostream.com/ers_user_guide/doc_index/index.html]
[docs.evostream.com/ers_user_guide/document_definitions.html]
[docs.evostream.com/ers_user_guide/search/index.html]
[docs.evostream.com/ers_user_guide/purpose.html]
[docs.evostream.com/ers_user_guide/evostream_rendezvous_server.html]
[docs.evostream.com/ers_user_guide/installation.html]
[docs.evostream.com/ers_user_guide/configuration.html]
[docs.evostream.com/ers_user_guide/startup.html]
[docs.evostream.com/ers_user_guide/api.html]
[docs.evostream.com/ers_user_guide/table_of_contents.html]
[docs.evostream.com/ems_quick_start_guide/css/main.css]
[docs.evostream.com/ems_quick_start_guide/doc_index/index.html]
[docs.evostream.com/ems_quick_start_guide/assets/qsgfl1.jpg]
[docs.evostream.com/ems_quick_start_guide/assets/qsgfl2.jpg]
[docs.evostream.com/ems_quick_start_guide/assets/qsgfl3.jpg]
[docs.evostream.com/ems_quick_start_guide/assets/qsgfl4.jpg]
[docs.evostream.com/ems_quick_start_guide/assets/qsgfl5.jpg]
[docs.evostream.com/ems_quick_start_guide/assets/qsgfl6.jpg]
[docs.evostream.com/ems_quick_start_guide/quick_start_guide_for_linux.html]
[docs.evostream.com/ems_quick_start_guide/assets/qsgfw1.jpg]
[docs.evostream.com/ems_quick_start_guide/assets/qsgfw2.jpg]
[docs.evostream.com/ems_quick_start_guide/assets/qsgfw3.jpg]
[docs.evostream.com/ems_quick_start_guide/assets/qsgfw4.jpg]
[docs.evostream.com/ems_quick_start_guide/assets/qsgfw5.jpg]
[docs.evostream.com/ems_quick_start_guide/assets/qsgfw6.jpg]
[docs.evostream.com/ems_quick_start_guide/assets/qsgfw7.jpg]
[docs.evostream.com/ems_quick_start_guide/assets/qsgfw8.jpg]
[docs.evostream.com/ems_quick_start_guide/assets/qsgfw9.jpg]
[docs.evostream.com/ems_quick_start_guide/assets/qsgfw10.jpg]
[docs.evostream.com/ems_quick_start_guide/assets/qsgfw11.jpg]
[docs.evostream.com/ems_quick_start_guide/assets/qsgfw12.jpg]
[docs.evostream.com/ems_quick_start_guide/assets/qsgfw13.jpg]
[docs.evostream.com/ems_quick_start_guide/assets/qsgfw14.jpg]
[docs.evostream.com/ems_quick_start_guide/assets/qsgfw15.jpg]
[docs.evostream.com/ems_quick_start_guide/assets/qsgfw16.jpg]
[docs.evostream.com/ems_quick_start_guide/quick_start_guide_for_windows.html]
[docs.evostream.com/ems_quick_start_guide/assets/image12.png]
[docs.evostream.com/ems_quick_start_guide/assets/image1.jpg]
[docs.evostream.com/ems_quick_start_guide/assets/image2.png]
[docs.evostream.com/ems_quick_start_guide/assets/image3.jpg]
[docs.evostream.com/ems_quick_start_guide/assets/image4.jpg]
[docs.evostream.com/ems_quick_start_guide/assets/region.jpg]
[docs.evostream.com/ems_quick_start_guide/assets/image5.jpg]
[docs.evostream.com/ems_quick_start_guide/assets/image6.jpg]
[docs.evostream.com/ems_quick_start_guide/assets/image7.jpg]
[docs.evostream.com/ems_quick_start_guide/assets/image8.jpg]
[docs.evostream.com/ems_quick_start_guide/assets/image9.jpg]
[docs.evostream.com/ems_quick_start_guide/assets/image10.jpg]
[docs.evostream.com/ems_quick_start_guide/assets/image11.jpg]
[docs.evostream.com/ems_quick_start_guide/assets/region_man.jpg]
[docs.evostream.com/ems_quick_start_guide/assets/instancetype.jpg]
[docs.evostream.com/ems_quick_start_guide/assets/instance.jpg]
[docs.evostream.com/ems_quick_start_guide/assets/volume.jpg]
[docs.evostream.com/ems_quick_start_guide/assets/tag.jpg]
[docs.evostream.com/ems_quick_start_guide/assets/securitygroup.jpg]
[docs.evostream.com/ems_quick_start_guide/assets/review.jpg]
[docs.evostream.com/ems_quick_start_guide/assets/keypair.jpg]
[docs.evostream.com/ems_quick_start_guide/assets/image14.jpg]
[docs.evostream.com/ems_quick_start_guide/assets/image15.png]
[docs.evostream.com/ems_quick_start_guide/assets/image16.png]
[docs.evostream.com/ems_quick_start_guide/assets/image17.png]
[docs.evostream.com/ems_quick_start_guide/assets/image18.jpg]
[docs.evostream.com/ems_quick_start_guide/assets/image19.jpg]
[docs.evostream.com/ems_quick_start_guide/assets/image20.png]
[docs.evostream.com/ems_quick_start_guide/assets/loggedin.jpg]
[docs.evostream.com/ems_quick_start_guide/assets/image21.jpg]
[docs.evostream.com/ems_quick_start_guide/assets/image22.png]
[docs.evostream.com/ems_quick_start_guide/assets/image23.jpg]
[docs.evostream.com/ems_quick_start_guide/assets/image13.jpg]
[docs.evostream.com/ems_quick_start_guide/assets/authentication.jpg]
[docs.evostream.com/ems_quick_start_guide/assets/image24.jpg]
[docs.evostream.com/ems_quick_start_guide/assets/image25.jpg]
[docs.evostream.com/ems_quick_start_guide/quick_start_guide_for_amazon_linux.html]
[docs.evostream.com/ems_quick_start_guide/assets/password.jpg]
[docs.evostream.com/ems_quick_start_guide/assets/decrypt.jpg]
[docs.evostream.com/ems_quick_start_guide/quick_start_guide_for_amazon_windows.html]
[azuredeploy.net/deploybutton.png]
[docs.evostream.com/ems_quick_start_guide/assets/homepage.jpg]
[docs.evostream.com/ems_quick_start_guide/assets/OSselect.jpg]
[docs.evostream.com/ems_quick_start_guide/assets/create_windows.jpg]
[docs.evostream.com/ems_quick_start_guide/assets/startVM.jpg]
[docs.evostream.com/ems_quick_start_guide/assets/putty.jpg]
[docs.evostream.com/ems_quick_start_guide/assets/remotedesktop.jpg]
[docs.evostream.com/ems_quick_start_guide/assets/IPinAzure.jpg]
[docs.evostream.com/ems_quick_start_guide/assets/stopVM.jpg]
[docs.evostream.com/ems_quick_start_guide/assets/deleteVM.jpg]
[docs.evostream.com/ems_quick_start_guide/quick_start_guide_for_azure.html]
[docs.evostream.com/ems_user_guide/css/main.css]
[docs.evostream.com/ems_user_guide/doc_index/index.html]
[docs.evostream.com/ems_user_guide/search/index.html]
[docs.evostream.com/ems_user_guide/assets/intro1.png]
[docs.evostream.com/ems_user_guide/assets/intro2.png]
[docs.evostream.com/ems_user_guide/introduction.html]
[docs.evostream.com/ems_user_guide/installation.html]
[docs.evostream.com/ems_user_guide/assets/start1.png]
[docs.evostream.com/ems_user_guide/startingserver.html]
[docs.evostream.com/ems_user_guide/emsbasics.html]
[docs.evostream.com/ems_user_guide/assets/runtime1.png]
[docs.evostream.com/ems_user_guide/assets/runtime2.png]
[docs.evostream.com/ems_user_guide/runtimeapi.html]
[docs.evostream.com/ems_user_guide/eventnotification.html]
[docs.evostream.com/ems_user_guide/security.html]
[docs.evostream.com/ems_user_guide/assets/proto3.png]
[docs.evostream.com/ems_user_guide/assets/proto1.png]
[docs.evostream.com/ems_user_guide/assets/proto2.png]
[docs.evostream.com/ems_user_guide/protocolsupport.html]
[docs.evostream.com/ems_user_guide/assets/capab1.png]
[docs.evostream.com/ems_user_guide/assets/capab2.png]
[docs.evostream.com/ems_user_guide/capabilities.html]
[docs.evostream.com/ems_user_guide/webserver.html]
[docs.evostream.com/ems_user_guide/emswebservices.html]
[docs.evostream.com/ems_user_guide/assets/emsui.png]
[docs.evostream.com/ems_user_guide/emsuserinterface.html]
[docs.evostream.com/ems_user_guide/emsconfigfile.html]
[docs.evostream.com/ems_user_guide/webconfigfile.html]
[docs.evostream.com/ems_user_guide/interoperability.html]
[docs.evostream.com/ems_how_to_guide/css/main.css]
[docs.evostream.com/ems_how_to_guide/doc_index/index.html]
[docs.evostream.com/ems_how_to_guide/search/index.html]
[docs.evostream.com/ems_how_to_guide/intro.html]
[docs.evostream.com/ems_how_to_guide/playlive.html]
[docs.evostream.com/ems_how_to_guide/addlive.html]
[docs.evostream.com/ems_how_to_guide/usingapi.html]
[docs.evostream.com/ems_how_to_guide/abr.html]
[docs.evostream.com/ems_how_to_guide/hls.html]
[docs.evostream.com/ems_how_to_guide/hds.html]
[docs.evostream.com/ems_how_to_guide/mss.html]
[docs.evostream.com/ems_how_to_guide/dash.html]
[docs.evostream.com/ems_how_to_guide/websockets.html]
[docs.evostream.com/ems_how_to_guide/assets/evo.png]
[docs.evostream.com/ems_how_to_guide/webrtc.html]
[docs.evostream.com/ems_how_to_guide/vod.html]
[docs.evostream.com/ems_how_to_guide/recording.html]
[docs.evostream.com/ems_how_to_guide/transcoding.html]
[docs.evostream.com/ems_how_to_guide/stopping.html]
[docs.evostream.com/ems_api_definition/css/main.css]
[docs.evostream.com/ems_api_definition/doc_index/index.html]
[docs.evostream.com/ems_api_definition/search/index.html]
[docs.evostream.com/ems_api_definition/document_definitions.html]
[docs.evostream.com/ems_api_definition/overview.html]
[docs.evostream.com/ems_api_definition/run_time_api.html]
[docs.evostream.com/ems_api_definition/media/image1.10b.delayed]
[docs.evostream.com/ems_api_definition/accessing_runtime_api.html]
[docs.evostream.com/ems_api_definition/configuring_and_receiving_event_notifications.html]
[docs.evostream.com/ems_api_definition/user_defined_variables.html]
[docs.evostream.com/ems_api_definition/streams_vs_stream_configs_and_api_command_return_values.html]
[docs.evostream.com/ems_api_definition/pullstream.html]
[docs.evostream.com/ems_api_definition/pushstream.html]
[docs.evostream.com/ems_api_definition/createhlsstream.html]
[docs.evostream.com/ems_api_definition/createhdsstream.html]
[docs.evostream.com/ems_api_definition/createmssstream.html]
[docs.evostream.com/ems_api_definition/createdashstream.html]
[docs.evostream.com/ems_api_definition/record.html]
[docs.evostream.com/ems_api_definition/transcode.html]
[docs.evostream.com/ems_api_definition/liststreamsids.html]
[docs.evostream.com/ems_api_definition/getstreaminfo.html]
[docs.evostream.com/ems_api_definition/liststreams.html]
[docs.evostream.com/ems_api_definition/getstreamscount.html]
[docs.evostream.com/ems_api_definition/shutdownstream.html]
[docs.evostream.com/ems_api_definition/listconfig.html]
[docs.evostream.com/ems_api_definition/removeconfig.html]
[docs.evostream.com/ems_api_definition/getconfiginfo.html]
[docs.evostream.com/ems_api_definition/isstreamrunning.html]
[docs.evostream.com/ems_api_definition/addstreamalias.html]
[docs.evostream.com/ems_api_definition/liststreamaliases.html]
[docs.evostream.com/ems_api_definition/removestreamalias.html]
[docs.evostream.com/ems_api_definition/flushstreamaliases.html]
[docs.evostream.com/ems_api_definition/addgroupnamealias.html]
[docs.evostream.com/ems_api_definition/flushgroupnamealiases.html]
[docs.evostream.com/ems_api_definition/getgroupnamebyalias.html]
[docs.evostream.com/ems_api_definition/listgroupnamealiases.html]
[docs.evostream.com/ems_api_definition/removegroupnamealiases.html]
[docs.evostream.com/ems_api_definition/listhttpstreamingsessions.html]
[docs.evostream.com/ems_api_definition/createingestpoint.html]
[docs.evostream.com/ems_api_definition/removeingestpoint.html]
[docs.evostream.com/ems_api_definition/listingestpoints.html]
[docs.evostream.com/ems_api_definition/startwebrtc.html]
[docs.evostream.com/ems_api_definition/stopwebrtc.html]
[docs.evostream.com/ems_api_definition/launchprocess.html]
[docs.evostream.com/ems_api_definition/settimer.html]
[docs.evostream.com/ems_api_definition/listtimers.html]
[docs.evostream.com/ems_api_definition/removetimer.html]
[docs.evostream.com/ems_api_definition/generatelazypullfile.html]
[docs.evostream.com/ems_api_definition/generateserverplaylist.html]
[docs.evostream.com/ems_api_definition/insertplaylistitem.html]
[docs.evostream.com/ems_api_definition/uploadmedia.html]
[docs.evostream.com/ems_api_definition/getmetadata.html]
[docs.evostream.com/ems_api_definition/pushmetadata.html]
[docs.evostream.com/ems_api_definition/shutdownmetadata.html]
[docs.evostream.com/ems_api_definition/liststorage.html]
[docs.evostream.com/ems_api_definition/addstorage.html]
[docs.evostream.com/ems_api_definition/removestorage.html]
[docs.evostream.com/ems_api_definition/setauthentication.html]
[docs.evostream.com/ems_api_definition/setloglevel.html]
[docs.evostream.com/ems_api_definition/version.html]
[docs.evostream.com/ems_api_definition/quit.html]
[docs.evostream.com/ems_api_definition/help.html]
[docs.evostream.com/ems_api_definition/shutdownserver.html]
[docs.evostream.com/ems_api_definition/listinboundstreamnames.html]
[docs.evostream.com/ems_api_definition/listinboundstreams.html]
[docs.evostream.com/ems_api_definition/getconnectioninfo.html]
[docs.evostream.com/ems_api_definition/listconnections.html]
[docs.evostream.com/ems_api_definition/clientsconnected.html]
[docs.evostream.com/ems_api_definition/httpclientsconnected.html]
[docs.evostream.com/ems_api_definition/getextendedconnectioncounters.html]
[docs.evostream.com/ems_api_definition/resetmaxfdcounters.html]
[docs.evostream.com/ems_api_definition/resettotalfdcounters.html]
[docs.evostream.com/ems_api_definition/getconnectionscount.html]
[docs.evostream.com/ems_api_definition/getconnectionscountlimit.html]
[docs.evostream.com/ems_api_definition/setconnectionscountlimit.html]
[docs.evostream.com/ems_api_definition/getbandwidth.html]
[docs.evostream.com/ems_api_definition/setbandwidthlimit.html]
[docs.evostream.com/ems_api_definition/listservices.html]
[docs.evostream.com/ems_api_definition/createservice.html]
[docs.evostream.com/ems_api_definition/enableservice.html]
[docs.evostream.com/ems_api_definition/shutdownservice.html]
[docs.evostream.com/ems_api_definition/stream_created.html]
[docs.evostream.com/ems_api_definition/stream_closed.html]
[docs.evostream.com/ems_api_definition/codecs_updated.html]
[docs.evostream.com/ems_api_definition/audiofeedstopped.html]
[docs.evostream.com/ems_api_definition/videofeedstopped.html]
[docs.evostream.com/ems_api_definition/playlistitemstart_firstplaylistitemstart_lastplaylistitemstart.html]
[docs.evostream.com/ems_api_definition/adaptive_streaming.html]
[docs.evostream.com/ems_api_definition/web_server_events.html]
[docs.evostream.com/ems_api_definition/api_based_events.html]
[docs.evostream.com/ems_api_definition/connection_based_events.html]
[docs.evostream.com/ems_api_definition/application_based_events.html]
[docs.evostream.com/ems_api_definition/event_table_of_protocol_types.html]
[docs.evostream.com/ems_web_services_user_guide/css/main.css]
[docs.evostream.com/ems_web_services_user_guide/doc_index/index.html]
[docs.evostream.com/ems_web_services_user_guide/search/index.html]
[docs.evostream.com/ems_web_services_user_guide/document_definitions.html]
[docs.evostream.com/ems_web_services_user_guide/overview.html]
[docs.evostream.com/ems_web_services_user_guide/ems_web_services.html]
[docs.evostream.com/ems_web_services_user_guide/event_notification_system.html]
[docs.evostream.com/ems_web_services_user_guide/assets/npm_start.jpg]
[docs.evostream.com/ems_web_services_user_guide/installation.html]
[docs.evostream.com/ems_web_services_user_guide/configuration.html]
[docs.evostream.com/ems_web_services_user_guide/ems_web_services_plugins.html]
[docs.evostream.com/ems_web_ui_user_guide/css/main.css]
[docs.evostream.com/ems_web_ui_user_guide/doc_index/index.html]
[docs.evostream.com/ems_web_ui_user_guide/search/index.html]
[docs.evostream.com/ems_web_ui_user_guide/document_definitions.html]
[docs.evostream.com/ems_web_ui_user_guide/overview.html]
[docs.evostream.com/ems_web_ui_user_guide/assets/homepage.jpg]
[docs.evostream.com/ems_web_ui_user_guide/installation_and_startup.html]
[docs.evostream.com/ems_web_ui_user_guide/assets/image1.jpg]
[docs.evostream.com/ems_web_ui_user_guide/assets/image2.jpg]
[docs.evostream.com/ems_web_ui_user_guide/installing_license.html]
[docs.evostream.com/ems_web_ui_user_guide/assets/image3.jpg]
[docs.evostream.com/ems_web_ui_user_guide/connecting_to_server.html]
[docs.evostream.com/ems_web_ui_user_guide/server_commands.html]
[docs.evostream.com/ems_web_ui_user_guide/assets/addinbound.jpg]
[docs.evostream.com/ems_web_ui_user_guide/assets/image4.jpg]
[docs.evostream.com/ems_web_ui_user_guide/add_inbound_stream.html]
[docs.evostream.com/ems_web_ui_user_guide/assets/image5.jpg]
[docs.evostream.com/ems_web_ui_user_guide/assets/image6.jpg]
[docs.evostream.com/ems_web_ui_user_guide/create_hls_stream.html]
[docs.evostream.com/ems_web_ui_user_guide/assets/image7.jpg]
[docs.evostream.com/ems_web_ui_user_guide/assets/image8.jpg]
[docs.evostream.com/ems_web_ui_user_guide/create_hds_stream.html]
[docs.evostream.com/ems_web_ui_user_guide/assets/image9.jpg]
[docs.evostream.com/ems_web_ui_user_guide/assets/image10.jpg]
[docs.evostream.com/ems_web_ui_user_guide/create_mss_stream.html]
[docs.evostream.com/ems_web_ui_user_guide/assets/image11.jpg]
[docs.evostream.com/ems_web_ui_user_guide/assets/image12.jpg]
[docs.evostream.com/ems_web_ui_user_guide/create_dash_stream.html]
[docs.evostream.com/ems_web_ui_user_guide/assets/image13.jpg]
[docs.evostream.com/ems_web_ui_user_guide/assets/image14.jpg]
[docs.evostream.com/ems_web_ui_user_guide/update_stream_list.html]
[docs.evostream.com/ems_web_ui_user_guide/assets/image15.jpg]
[docs.evostream.com/ems_web_ui_user_guide/assets/image16.jpg]
[docs.evostream.com/ems_web_ui_user_guide/send_mpegts.html]
[docs.evostream.com/ems_web_ui_user_guide/assets/image17.jpg]
[docs.evostream.com/ems_web_ui_user_guide/assets/image18.jpg]
[docs.evostream.com/ems_web_ui_user_guide/remove_existing_stream.html]
[docs.evostream.com/ems_web_ui_user_guide/assets/image19.jpg]
[docs.evostream.com/ems_web_ui_user_guide/stream_details.html]
[docs.evostream.com/ems_web_ui_user_guide/assets/WebUI_auth.jpg]
[docs.evostream.com/ems_web_ui_user_guide/assets/account_settings.jpg]
[docs.evostream.com/ems_web_ui_user_guide/authentication.html]
[docs.evostream.com/ers_user_guide/css/main.css]
[docs.evostream.com/ers_user_guide/doc_index/index.html]
[docs.evostream.com/ers_user_guide/search/index.html]
[docs.evostream.com/ers_user_guide/document_definitions.html]
[docs.evostream.com/ers_user_guide/purpose.html]
[docs.evostream.com/ers_user_guide/evostream_rendezvous_server.html]
[docs.evostream.com/ers_user_guide/installation.html]
[docs.evostream.com/ers_user_guide/configuration.html]
[docs.evostream.com/ers_user_guide/startup.html]
[docs.evostream.com/ers_user_guide/api.html]
[docs.evostream.com/ems_api_definition/media/image1.html]
[docs.evostream.com/ems_web_services_user_guide/assets/npm_start.html]
